------ ./simplecli these are inputs ------
these
are
inputs
------ ./simplecli these are not inputs ------
these
are
not
inputs
------ ./simplecli -length I want the lengths of these ------
1
4
3
7
2
5
------ ./simplecli I want the lengths of these -length ------
1
4
3
7
2
5
------ ./simplecli I want the help for this program -help ------
Usage: simplecli [flags] [args]
Available flags:
  -length  prints the lengths of each argument
  -help    prints this help message
------ ./simplecli this happens -length no matter what other arguments I give -help ------
Usage: simplecli [flags] [args]
Available flags:
  -length  prints the lengths of each argument
  -help    prints this help message
