000-simple.arith:
20
001-plus-minus.arith:
30
002-minus-plus.arith:
20
003-minus-minus.arith:
10
004-division-simple.arith:
100
005-division-assoc.arith:
10
006-mult.arith:
64
007-priority.arith:
46
008-parens.arith:
6
009-lets.arith:
3
010-funcs.arith:
true
011-more-funcs.arith:
5
012-recursion.arith:
120
013-some-assoc.arith:
10
014-other-assoc.arith:
12
015-mult-assoc.arith:
6
016-mult-assoc.arith:
Invalid expression: LOL
017-3x+1.arith:
8
018-unit.arith:
6
