000-bad.arith:
	Parser error: Invalid expression after open paren
001-divide.arith:
	5
002-divide-by-zero.arith:
	Invalid expression: Divide by 0
003-minus.arith:
	29
004-no-right-paren.arith:
	Parser error: Expression not valid
005-no-spaces.arith:
	7
006-num.arith:
	26
007-simple.arith:
	24
008-trail.arith:
	Parser error: Program not valid: trailing characters
009-unexpected-char.arith:
	Lexing error: Invalid string
010-mult.arith:
	100
