000-simple.arith:
	(+ 10 10)
001-more-stuff.arith:
	(+ (- (/ 20 1) 23) true)
002-errors.arith:
	(- 10 true)
003-errors2.arith:
	Syntax error (2:3): parser error
004-errors3.arith:
	(if true (+ 10 213) (< 12 (- 12 9)))
005-packed.arith:
	(- 10 (if (< 10 12) (% 10 2) (> 12 12)))
