000-simple.arith:
(+ 10 10)
001-more-stuff.arith:
(+ (- (/ 20 1) 23) true)
002-errors.arith:
(- 10 true)
003-errors2.arith:
Syntax error (2:3): parser error

004-errors3.arith:
(if true then (+ 10 213) else (< 12 (- 12 9)))
005-packed.arith:
(- 10 (if (< 10 12) then (% 10 2) else (> 12 12)))
006-appl.arith:
(let f:num->num->num->num = (fun (x:num) : num->num->num => (fun (y:num) : num->num => (fun (z:num) : num => (+ (- x y) z)))) in (((f <- 5) <- 2) <- 2))
